// 重构日志: d1c18188
// 重构日志: fbda5e7e
// 重构日志: 2e4d7bda
// 重构日志: 31ae4782
// 同步 ID: 7af99f80 @ Sat Jul 25 05:19:49 UTC 2026
// 同步 ID: af825c4b @ Sat Jul 25 16:35:00 UTC 2026
// 同步 ID: 71d629e2 @ Sun Jul 26 05:48:10 UTC 2026
// 同步 ID: 3b1adbbd @ Sun Jul 26 08:10:20 UTC 2026
// 同步 ID: c05619eb @ Sun Jul 26 15:54:58 UTC 2026
// 重构日志: ddbd3617
// 重构日志: ebbdb028
// 同步 ID: c47a09ee @ Wed Jul 29 01:49:39 UTC 2026
// 同步 ID: b6338cd7 @ Wed Jul 29 17:13:15 UTC 2026
// 重构日志: 909b3d5e
// 同步 ID: b3253141 @ Thu Jul 30 07:38:01 UTC 2026
// 重构日志: b6b29369
// 同步 ID: 1c82d8b2 @ Sat Aug  1 17:44:26 UTC 2026
// 同步 ID: 5b74dcba @ Sat Aug  1 22:03:05 UTC 2026
// 重构日志: f99af91c
// 同步 ID: d260f3e4 @ Tue Aug  4 17:25:57 UTC 2026
// 重构日志: 598626eb
// 重构日志: 8944bb85
// 重构日志: e38a3d7f
// 同步 ID: 0356dda3 @ Fri Aug  7 03:46:03 UTC 2026
// 重构日志: 7f0057c9
// 同步 ID: ec3c6e23 @ Fri Aug  7 16:06:00 UTC 2026
// 重构日志: 06f731e5
// 重构日志: fc2aa2df
// 重构日志: f98cbe4b
// 同步 ID: 5ba05302 @ Sat Aug  8 09:16:33 UTC 2026
